This file contains any messages produced by compilers while
running configure, to aid debugging if configure makes a mistake.

It was created by FreeType configure 2.10.4, which was
generated by GNU Autoconf 2.69.  Invocation command line was

  $ ./configure --without-harfbuzz

## --------- ##
## Platform. ##
## --------- ##

hostname = MacBook-Pro.local
uname -m = x86_64
uname -r = 19.6.0
uname -s = Darwin
uname -v = Darwin Kernel Version 19.6.0: Mon Apr 12 20:57:45 PDT 2021; root:xnu-6153.141.28.1~1/RELEASE_X86_64

/usr/bin/uname -p = i386
/bin/uname -X     = unknown

/bin/arch              = unknown
/usr/bin/arch -k       = unknown
/usr/convex/getsysinfo = unknown
/usr/bin/hostinfo      = Mach kernel version:
	 Darwin Kernel Version 19.6.0: Mon Apr 12 20:57:45 PDT 2021; root:xnu-6153.141.28.1~1/RELEASE_X86_64
Kernel configured for up to 8 processors.
4 processors are physically available.
8 processors are logically available.
Processor type: x86_64h (Intel x86-64h Haswell)
Processors active: 0 1 2 3 4 5 6 7
Primary memory available: 16.00 gigabytes
Default processor set: 504 tasks, 2267 threads, 8 processors
Load average: 1.59, Mach factor: 6.40
/bin/machine           = unknown
/usr/bin/oslevel       = unknown
/bin/universe          = unknown

PATH: /usr/local/opt/python/libexec/bin
PATH: /usr/local/opt/gnu-tar/libexec/gnubin
PATH: /Users/mars/Library/Python/2.7/bin
PATH: /Users/mars/develop/go/bin
PATH: /Users/mars/develop/MTEngineSDL/other/tools/DeployMaker/Release
PATH: /usr/local/maven/bin
PATH: /usr/local/bin
PATH: /usr/bin
PATH: /bin
PATH: /usr/sbin
PATH: /sbin
PATH: /usr/local/go/bin
PATH: /opt/X11/bin
PATH: /Library/Apple/usr/bin
PATH: /Users/mars/.antigen/bundles/robbyrussell/oh-my-zsh/lib
PATH: /Users/mars/.antigen/bundles/robbyrussell/oh-my-zsh/plugins/git
PATH: /Users/mars/.antigen/bundles/robbyrussell/oh-my-zsh/plugins/pip
PATH: /Users/mars/.antigen/bundles/robbyrussell/oh-my-zsh/plugins/yarn
PATH: /Users/mars/.antigen/bundles/robbyrussell/oh-my-zsh/plugins/web-search
PATH: /Users/mars/.antigen/bundles/robbyrussell/oh-my-zsh/plugins/jsontools
PATH: /Users/mars/.antigen/bundles/robbyrussell/oh-my-zsh/plugins/node
PATH: /Users/mars/.antigen/bundles/robbyrussell/oh-my-zsh/plugins/osx
PATH: /Users/mars/.antigen/bundles/robbyrussell/oh-my-zsh/plugins/sudo
PATH: /Users/mars/.antigen/bundles/robbyrussell/oh-my-zsh/plugins/thor
PATH: /Users/mars/.antigen/bundles/robbyrussell/oh-my-zsh/plugins/docker
PATH: /Users/mars/.antigen/bundles/robbyrussell/oh-my-zsh/plugins/iterm2
PATH: /Users/mars/.antigen/bundles/robbyrussell/oh-my-zsh/plugins/command-not-found
PATH: /Users/mars/.antigen/bundles/robbyrussell/oh-my-zsh/plugins/common-aliases
PATH: /Users/mars/.antigen/bundles/wting/autojump
PATH: /Users/mars/.antigen/bundles/robbyrussell/oh-my-zsh/plugins/z
PATH: /Users/mars/.antigen/bundles/robbyrussell/oh-my-zsh/plugins/fasd
PATH: /Users/mars/.antigen/bundles/unixorn/git-extra-commands
PATH: /Users/mars/.antigen/bundles/psprint/zsh-navigation-tools
PATH: /Users/mars/.antigen/bundles/MichaelAquilina/zsh-you-should-use
PATH: /Users/mars/.antigen/bundles/zsh-users/zsh-syntax-highlighting
PATH: /Users/mars/.antigen/bundles/agkozak/agkozak-zsh-prompt
PATH: /Users/mars/.antigen/bundles/unixorn/git-extra-commands/bin


## ----------- ##
## Core tests. ##
## ----------- ##

configure:2558: checking build system type
configure:2572: result: x86_64-apple-darwin19.6.0
configure:2592: checking host system type
configure:2605: result: x86_64-apple-darwin19.6.0
configure:2677: checking for gcc
configure:2693: found /usr/bin/gcc
configure:2704: result: gcc
configure:2933: checking for C compiler version
configure:2942: gcc --version >&5
Apple clang version 12.0.0 (clang-1200.0.32.29)
Target: x86_64-apple-darwin19.6.0
Thread model: posix
InstalledDir: /Applications/Xcode.app/Contents/Developer/Toolchains/XcodeDefault.xctoolchain/usr/bin
Configured with: --prefix=/Applications/Xcode.app/Contents/Developer/usr --with-gxx-include-dir=/Library/Developer/CommandLineTools/SDKs/MacOSX10.15.sdk/usr/include/c++/4.2.1
configure:2953: $? = 0
configure:2942: gcc -v >&5
Configured with: --prefix=/Applications/Xcode.app/Contents/Developer/usr --with-gxx-include-dir=/Library/Developer/CommandLineTools/SDKs/MacOSX10.15.sdk/usr/include/c++/4.2.1
Apple clang version 12.0.0 (clang-1200.0.32.29)
Target: x86_64-apple-darwin19.6.0
Thread model: posix
InstalledDir: /Applications/Xcode.app/Contents/Developer/Toolchains/XcodeDefault.xctoolchain/usr/bin
configure:2953: $? = 0
configure:2942: gcc -V >&5
clang: error: argument to '-V' is missing (expected 1 value)
clang: error: no input files
configure:2953: $? = 1
configure:2942: gcc -qversion >&5
clang: error: unknown argument '-qversion'; did you mean '--version'?
clang: error: no input files
configure:2953: $? = 1
configure:2973: checking whether the C compiler works
configure:2995: gcc    conftest.c  >&5
configure:2999: $? = 0
configure:3047: result: yes
configure:3050: checking for C compiler default output file name
configure:3052: result: a.out
configure:3058: checking for suffix of executables
configure:3065: gcc -o conftest    conftest.c  >&5
configure:3069: $? = 0
configure:3091: result: 
configure:3113: checking whether we are cross compiling
configure:3121: gcc -o conftest    conftest.c  >&5
configure:3125: $? = 0
configure:3132: ./conftest
configure:3136: $? = 0
configure:3151: result: no
configure:3156: checking for suffix of object files
configure:3178: gcc -c   conftest.c >&5
configure:3182: $? = 0
configure:3203: result: o
configure:3207: checking whether we are using the GNU C compiler
configure:3226: gcc -c   conftest.c >&5
configure:3226: $? = 0
configure:3235: result: yes
configure:3244: checking whether gcc accepts -g
configure:3264: gcc -c -g  conftest.c >&5
configure:3264: $? = 0
configure:3305: result: yes
configure:3322: checking for gcc option to accept ISO C89
configure:3385: gcc  -c -g -O2  conftest.c >&5
configure:3385: $? = 0
configure:3398: result: none needed
configure:3423: checking how to run the C preprocessor
configure:3454: gcc -E  conftest.c
configure:3454: $? = 0
configure:3468: gcc -E  conftest.c
conftest.c:9:10: fatal error: 'ac_nonexistent.h' file not found
#include <ac_nonexistent.h>
         ^~~~~~~~~~~~~~~~~~
1 error generated.
configure:3468: $? = 1
configure: failed program was:
| /* confdefs.h */
| #define PACKAGE_NAME "FreeType"
| #define PACKAGE_TARNAME "freetype"
| #define PACKAGE_VERSION "2.10.4"
| #define PACKAGE_STRING "FreeType 2.10.4"
| #define PACKAGE_BUGREPORT "freetype@nongnu.org"
| #define PACKAGE_URL ""
| /* end confdefs.h.  */
| #include <ac_nonexistent.h>
configure:3493: result: gcc -E
configure:3513: gcc -E  conftest.c
configure:3513: $? = 0
configure:3527: gcc -E  conftest.c
conftest.c:9:10: fatal error: 'ac_nonexistent.h' file not found
#include <ac_nonexistent.h>
         ^~~~~~~~~~~~~~~~~~
1 error generated.
configure:3527: $? = 1
configure: failed program was:
| /* confdefs.h */
| #define PACKAGE_NAME "FreeType"
| #define PACKAGE_TARNAME "freetype"
| #define PACKAGE_VERSION "2.10.4"
| #define PACKAGE_STRING "FreeType 2.10.4"
| #define PACKAGE_BUGREPORT "freetype@nongnu.org"
| #define PACKAGE_URL ""
| /* end confdefs.h.  */
| #include <ac_nonexistent.h>
configure:3611: checking for pkg-config
configure:3629: found /usr/local/bin/pkg-config
configure:3641: result: /usr/local/bin/pkg-config
configure:3666: checking pkg-config is at least version 0.24
configure:3669: result: yes
configure:3724: checking how to print strings
configure:3751: result: printf
configure:3772: checking for a sed that does not truncate output
configure:3836: result: /usr/bin/sed
configure:3854: checking for grep that handles long lines and -e
configure:3912: result: /usr/bin/grep
configure:3917: checking for egrep
configure:3979: result: /usr/bin/grep -E
configure:3984: checking for fgrep
configure:4046: result: /usr/bin/grep -F
configure:4081: checking for ld used by gcc
configure:4148: result: /Applications/Xcode.app/Contents/Developer/Toolchains/XcodeDefault.xctoolchain/usr/bin/ld
configure:4155: checking if the linker (/Applications/Xcode.app/Contents/Developer/Toolchains/XcodeDefault.xctoolchain/usr/bin/ld) is GNU ld
configure:4170: result: no
configure:4182: checking for BSD- or MS-compatible name lister (nm)
configure:4236: result: /usr/bin/nm -B
configure:4366: checking the name lister (/usr/bin/nm -B) interface
configure:4373: gcc -c -g -O2  conftest.c >&5
configure:4376: /usr/bin/nm -B "conftest.o"
configure:4379: output
000000000000024c S _some_variable
configure:4386: result: BSD nm
configure:4389: checking whether ln -s works
configure:4393: result: yes
configure:4401: checking the maximum length of command line arguments
configure:4532: result: 196608
configure:4580: checking how to convert x86_64-apple-darwin19.6.0 file names to x86_64-apple-darwin19.6.0 format
configure:4620: result: func_convert_file_noop
configure:4627: checking how to convert x86_64-apple-darwin19.6.0 file names to toolchain format
configure:4647: result: func_convert_file_noop
configure:4654: checking for /Applications/Xcode.app/Contents/Developer/Toolchains/XcodeDefault.xctoolchain/usr/bin/ld option to reload object files
configure:4661: result: -r
configure:4735: checking for objdump
configure:4751: found /usr/bin/objdump
configure:4762: result: objdump
configure:4791: checking how to recognize dependent libraries
configure:4991: result: pass_all
configure:5076: checking for dlltool
configure:5106: result: no
configure:5133: checking how to associate runtime and link libraries
configure:5160: result: printf %s\n
configure:5221: checking for ar
configure:5237: found /usr/bin/ar
configure:5248: result: ar
configure:5285: checking for archiver @FILE support
configure:5302: gcc -c -g -O2  conftest.c >&5
configure:5302: $? = 0
configure:5305: ar cru libconftest.a @conftest.lst >&5
ar: @conftest.lst: No such file or directory
configure:5308: $? = 1
configure:5328: result: no
configure:5386: checking for strip
configure:5402: found /usr/bin/strip
configure:5413: result: strip
configure:5485: checking for ranlib
configure:5501: found /usr/bin/ranlib
configure:5512: result: ranlib
configure:5589: checking for gawk
configure:5619: result: no
configure:5589: checking for mawk
configure:5619: result: no
configure:5589: checking for nawk
configure:5619: result: no
configure:5589: checking for awk
configure:5605: found /usr/bin/awk
configure:5616: result: awk
configure:5656: checking command to parse /usr/bin/nm -B output from gcc object
configure:5809: gcc -c -g -O2  conftest.c >&5
configure:5812: $? = 0
configure:5816: /usr/bin/nm -B conftest.o \| sed -n -e 's/^.*[ ]\([BCDEGRST][BCDEGRST]*\)[ ][ ]*\([_A-Za-z][_A-Za-z0-9]*\)$/\1 \2 \2/p' | sed '/ __gnu_lto/d' \> conftest.nm
configure:5819: $? = 0
cannot find nm_test_var in conftest.nm
configure:5809: gcc -c -g -O2  conftest.c >&5
configure:5812: $? = 0
configure:5816: /usr/bin/nm -B conftest.o \| sed -n -e 's/^.*[ ]\([BCDEGRST][BCDEGRST]*\)[ ][ ]*_\([_A-Za-z][_A-Za-z0-9]*\)$/\1 _\2 \2/p' | sed '/ __gnu_lto/d' \> conftest.nm
configure:5819: $? = 0
configure:5885: gcc -o conftest -g -O2   conftest.c conftstm.o >&5
warning: (x86_64)  could not find object file symbol for symbol _main
configure:5888: $? = 0
configure:5926: result: ok
configure:5973: checking for sysroot
configure:6003: result: no
configure:6010: checking for a working dd
configure:6048: result: /bin/dd
configure:6052: checking how to truncate binary pipes
configure:6067: result: /bin/dd bs=4096 count=1
configure:6396: checking for mt
configure:6426: result: no
configure:6446: checking if : is a manifest tool
configure:6452: : '-?'
configure:6460: result: no
configure:6516: checking for dsymutil
configure:6532: found /usr/bin/dsymutil
configure:6543: result: dsymutil
configure:6608: checking for nmedit
configure:6624: found /usr/bin/nmedit
configure:6635: result: nmedit
configure:6700: checking for lipo
configure:6716: found /usr/bin/lipo
configure:6727: result: lipo
configure:6792: checking for otool
configure:6808: found /usr/bin/otool
configure:6819: result: otool
configure:6884: checking for otool64
configure:6914: result: no
configure:6959: checking for -single_module linker flag
gcc -g -O2  -o libconftest.dylib -dynamiclib -Wl,-single_module conftest.c
configure:6992: result: yes
configure:6995: checking for -exported_symbols_list linker flag
configure:7015: gcc -o conftest -g -O2   -Wl,-exported_symbols_list,conftest.sym conftest.c  >&5
configure:7015: $? = 0
configure:7025: result: yes
configure:7028: checking for -force_load linker flag
gcc -g -O2 -c -o conftest.o conftest.c
ar cru libconftest.a conftest.o
ranlib libconftest.a
gcc -g -O2  -o conftest conftest.c -Wl,-force_load,./libconftest.a
configure:7060: result: yes
configure:7133: checking for ANSI C header files
configure:7153: gcc -c -g -O2  conftest.c >&5
configure:7153: $? = 0
configure:7226: gcc -o conftest -g -O2   conftest.c  >&5
configure:7226: $? = 0
configure:7226: ./conftest
configure:7226: $? = 0
configure:7237: result: yes
configure:7250: checking for sys/types.h
configure:7250: gcc -c -g -O2  conftest.c >&5
configure:7250: $? = 0
configure:7250: result: yes
configure:7250: checking for sys/stat.h
configure:7250: gcc -c -g -O2  conftest.c >&5
configure:7250: $? = 0
configure:7250: result: yes
configure:7250: checking for stdlib.h
configure:7250: gcc -c -g -O2  conftest.c >&5
configure:7250: $? = 0
configure:7250: result: yes
configure:7250: checking for string.h
configure:7250: gcc -c -g -O2  conftest.c >&5
configure:7250: $? = 0
configure:7250: result: yes
configure:7250: checking for memory.h
configure:7250: gcc -c -g -O2  conftest.c >&5
configure:7250: $? = 0
configure:7250: result: yes
configure:7250: checking for strings.h
configure:7250: gcc -c -g -O2  conftest.c >&5
configure:7250: $? = 0
configure:7250: result: yes
configure:7250: checking for inttypes.h
configure:7250: gcc -c -g -O2  conftest.c >&5
configure:7250: $? = 0
configure:7250: result: yes
configure:7250: checking for stdint.h
configure:7250: gcc -c -g -O2  conftest.c >&5
configure:7250: $? = 0
configure:7250: result: yes
configure:7250: checking for unistd.h
configure:7250: gcc -c -g -O2  conftest.c >&5
configure:7250: $? = 0
configure:7250: result: yes
configure:7264: checking for dlfcn.h
configure:7264: gcc -c -g -O2  conftest.c >&5
configure:7264: $? = 0
configure:7264: result: yes
configure:7818: checking for objdir
configure:7833: result: .libs
configure:8093: checking if gcc supports -fno-rtti -fno-exceptions
configure:8111: gcc -c -g -O2  -fno-rtti -fno-exceptions conftest.c >&5
configure:8115: $? = 0
configure:8128: result: yes
configure:8486: checking for gcc option to produce PIC
configure:8493: result: -fno-common -DPIC
configure:8501: checking if gcc PIC flag -fno-common -DPIC works
configure:8519: gcc -c -g -O2  -fno-common -DPIC -DPIC conftest.c >&5
configure:8523: $? = 0
configure:8536: result: yes
configure:8565: checking if gcc static flag -static works
configure:8593: result: no
configure:8608: checking if gcc supports -c -o file.o
configure:8629: gcc -c -g -O2  -o out/conftest2.o conftest.c >&5
configure:8633: $? = 0
configure:8655: result: yes
configure:8663: checking if gcc supports -c -o file.o
configure:8710: result: yes
configure:8743: checking whether the gcc linker (/Applications/Xcode.app/Contents/Developer/Toolchains/XcodeDefault.xctoolchain/usr/bin/ld) supports shared libraries
configure:10002: result: yes
configure:10242: checking dynamic linker characteristics
configure:11060: result: darwin19.6.0 dyld
configure:11182: checking how to hardcode library paths into programs
configure:11207: result: immediate
configure:11755: checking whether stripping libraries is possible
configure:11769: result: yes
configure:11795: checking if libtool supports shared libraries
configure:11797: result: yes
configure:11800: checking whether to build shared libraries
configure:11825: result: yes
configure:11828: checking whether to build static libraries
configure:11832: result: yes
configure:11869: checking windows.h usability
configure:11869: gcc -c -g -O2  conftest.c >&5
conftest.c:54:10: fatal error: 'windows.h' file not found
#include <windows.h>
         ^~~~~~~~~~~
1 error generated.
configure:11869: $? = 1
configure: failed program was:
| /* confdefs.h */
| #define PACKAGE_NAME "FreeType"
| #define PACKAGE_TARNAME "freetype"
| #define PACKAGE_VERSION "2.10.4"
| #define PACKAGE_STRING "FreeType 2.10.4"
| #define PACKAGE_BUGREPORT "freetype@nongnu.org"
| #define PACKAGE_URL ""
| #define STDC_HEADERS 1
| #define HAVE_SYS_TYPES_H 1
| #define HAVE_SYS_STAT_H 1
| #define HAVE_STDLIB_H 1
| #define HAVE_STRING_H 1
| #define HAVE_MEMORY_H 1
| #define HAVE_STRINGS_H 1
| #define HAVE_INTTYPES_H 1
| #define HAVE_STDINT_H 1
| #define HAVE_UNISTD_H 1
| #define HAVE_DLFCN_H 1
| #define LT_OBJDIR ".libs/"
| /* end confdefs.h.  */
| #include <stdio.h>
| #ifdef HAVE_SYS_TYPES_H
| # include <sys/types.h>
| #endif
| #ifdef HAVE_SYS_STAT_H
| # include <sys/stat.h>
| #endif
| #ifdef STDC_HEADERS
| # include <stdlib.h>
| # include <stddef.h>
| #else
| # ifdef HAVE_STDLIB_H
| #  include <stdlib.h>
| # endif
| #endif
| #ifdef HAVE_STRING_H
| # if !defined STDC_HEADERS && defined HAVE_MEMORY_H
| #  include <memory.h>
| # endif
| # include <string.h>
| #endif
| #ifdef HAVE_STRINGS_H
| # include <strings.h>
| #endif
| #ifdef HAVE_INTTYPES_H
| # include <inttypes.h>
| #endif
| #ifdef HAVE_STDINT_H
| # include <stdint.h>
| #endif
| #ifdef HAVE_UNISTD_H
| # include <unistd.h>
| #endif
| #include <windows.h>
configure:11869: result: no
configure:11869: checking windows.h presence
configure:11869: gcc -E  conftest.c
conftest.c:21:10: fatal error: 'windows.h' file not found
#include <windows.h>
         ^~~~~~~~~~~
1 error generated.
configure:11869: $? = 1
configure: failed program was:
| /* confdefs.h */
| #define PACKAGE_NAME "FreeType"
| #define PACKAGE_TARNAME "freetype"
| #define PACKAGE_VERSION "2.10.4"
| #define PACKAGE_STRING "FreeType 2.10.4"
| #define PACKAGE_BUGREPORT "freetype@nongnu.org"
| #define PACKAGE_URL ""
| #define STDC_HEADERS 1
| #define HAVE_SYS_TYPES_H 1
| #define HAVE_SYS_STAT_H 1
| #define HAVE_STDLIB_H 1
| #define HAVE_STRING_H 1
| #define HAVE_MEMORY_H 1
| #define HAVE_STRINGS_H 1
| #define HAVE_INTTYPES_H 1
| #define HAVE_STDINT_H 1
| #define HAVE_UNISTD_H 1
| #define HAVE_DLFCN_H 1
| #define LT_OBJDIR ".libs/"
| /* end confdefs.h.  */
| #include <windows.h>
configure:11869: result: no
configure:11869: checking for windows.h
configure:11869: result: no
configure:12222: checking for a BSD-compatible install
configure:12290: result: /usr/bin/install -c
configure:12309: checking for a thread-safe mkdir -p
configure:12348: result: ./install-sh -c -d
configure:12362: checking for ANSI C header files
configure:12466: result: yes
configure:12477: checking fcntl.h usability
configure:12477: gcc -c -g -O2  conftest.c >&5
configure:12477: $? = 0
configure:12477: result: yes
configure:12477: checking fcntl.h presence
configure:12477: gcc -E  conftest.c
configure:12477: $? = 0
configure:12477: result: yes
configure:12477: checking for fcntl.h
configure:12477: result: yes
configure:12477: checking for unistd.h
configure:12477: result: yes
configure:12491: checking for an ANSI C-conforming const
configure:12557: gcc -c -g -O2  conftest.c >&5
configure:12557: $? = 0
configure:12564: result: yes
configure:12576: checking size of int
configure:12581: gcc -o conftest -g -O2   conftest.c  >&5
configure:12581: $? = 0
configure:12581: ./conftest
configure:12581: $? = 0
configure:12595: result: 4
configure:12609: checking size of long
configure:12614: gcc -o conftest -g -O2   conftest.c  >&5
configure:12614: $? = 0
configure:12614: ./conftest
configure:12614: $? = 0
configure:12628: result: 8
configure:12639: checking for unsigned long long int
configure:12678: gcc -o conftest -g -O2   conftest.c  >&5
configure:12678: $? = 0
configure:12687: result: yes
configure:12697: checking for long long int
configure:12735: gcc -o conftest -g -O2   conftest.c  >&5
configure:12735: $? = 0
configure:12735: ./conftest
configure:12735: $? = 0
configure:12747: result: yes
configure:12759: checking whether cpp computation of bit length in ftconfig.h.in works
configure:12814: result: yes
configure:12857: checking for special C compiler options needed for large files
configure:12902: result: no
configure:12908: checking for _FILE_OFFSET_BITS value needed for large files
configure:12933: gcc -c -g -O2  conftest.c >&5
configure:12933: $? = 0
configure:12965: result: no
configure:13067: checking for stdlib.h
configure:13067: result: yes
configure:13067: checking for unistd.h
configure:13067: result: yes
configure:13067: checking for sys/param.h
configure:13067: gcc -c -g -O2  conftest.c >&5
configure:13067: $? = 0
configure:13067: result: yes
configure:13087: checking for getpagesize
configure:13087: gcc -o conftest -g -O2   conftest.c  >&5
configure:13087: $? = 0
configure:13087: result: yes
configure:13096: checking for working mmap
configure:13243: gcc -o conftest -g -O2   conftest.c  >&5
configure:13243: $? = 0
configure:13243: ./conftest
configure:13243: $? = 0
configure:13253: result: yes
configure:13269: checking whether munmap is declared
configure:13269: gcc -c -g -O2  conftest.c >&5
configure:13269: $? = 0
configure:13269: result: yes
configure:13289: checking for munmap's first parameter type
configure:13303: gcc -c -g -O2  conftest.c >&5
configure:13303: $? = 0
configure:13304: result: void *
configure:13321: checking for memcpy
configure:13321: gcc -o conftest -g -O2   conftest.c  >&5
conftest.c:58:6: warning: incompatible redeclaration of library function 'memcpy' [-Wincompatible-library-redeclaration]
char memcpy ();
     ^
conftest.c:58:6: note: 'memcpy' is a builtin with type 'void *(void *, const void *, unsigned long)'
1 warning generated.
configure:13321: $? = 0
configure:13321: result: yes
configure:13321: checking for memmove
configure:13321: gcc -o conftest -g -O2   conftest.c  >&5
conftest.c:59:6: warning: incompatible redeclaration of library function 'memmove' [-Wincompatible-library-redeclaration]
char memmove ();
     ^
conftest.c:59:6: note: 'memmove' is a builtin with type 'void *(void *, const void *, unsigned long)'
1 warning generated.
configure:13321: $? = 0
configure:13321: result: yes
configure:13373: checking gcc compiler flag -pedantic to assure ANSI C works correctly
configure:13400: gcc -c -g -O2  -pedantic  conftest.c >&5
configure:13400: $? = 0
configure:13401: result: ok, adding to XX_ANSIFLAGS
configure:13373: checking gcc compiler flag -ansi to assure ANSI C works correctly
configure:13400: gcc -c -g -O2  -pedantic -ansi  conftest.c >&5
configure:13400: $? = 0
configure:13401: result: ok, adding to XX_ANSIFLAGS
configure:13435: checking for -fvisibility=hidden compiler flag
configure:13450: gcc -o conftest -g -O2 -fvisibility=hidden   conftest.c  >&5
configure:13450: $? = 0
configure:13452: result: yes
configure:13525: $PKG_CONFIG --exists --print-errors "$zlib_pkg"
configure:13528: $? = 0
configure:13535: checking for ZLIB
configure:13542: $PKG_CONFIG --exists --print-errors "$zlib_pkg"
configure:13545: $? = 0
configure:13559: $PKG_CONFIG --exists --print-errors "$zlib_pkg"
configure:13562: $? = 0
configure:13600: result: yes
configure:13695: $PKG_CONFIG --exists --print-errors "$bzip2_pkg"
Package bzip2 was not found in the pkg-config search path.
Perhaps you should add the directory containing `bzip2.pc'
to the PKG_CONFIG_PATH environment variable
No package 'bzip2' found
configure:13698: $? = 1
configure:13705: checking for BZIP2
configure:13712: $PKG_CONFIG --exists --print-errors "$bzip2_pkg"
Package bzip2 was not found in the pkg-config search path.
Perhaps you should add the directory containing `bzip2.pc'
to the PKG_CONFIG_PATH environment variable
No package 'bzip2' found
configure:13715: $? = 1
configure:13729: $PKG_CONFIG --exists --print-errors "$bzip2_pkg"
Package bzip2 was not found in the pkg-config search path.
Perhaps you should add the directory containing `bzip2.pc'
to the PKG_CONFIG_PATH environment variable
No package 'bzip2' found
configure:13732: $? = 1
configure:13746: result: no
No package 'bzip2' found
configure:13790: checking for BZ2_bzDecompress in -lbz2
configure:13815: gcc -o conftest -g -O2 -fvisibility=hidden   conftest.c -lbz2   >&5
configure:13815: $? = 0
configure:13824: result: yes
configure:13827: checking bzlib.h usability
configure:13827: gcc -c -g -O2 -fvisibility=hidden  conftest.c >&5
configure:13827: $? = 0
configure:13827: result: yes
configure:13827: checking bzlib.h presence
configure:13827: gcc -E  conftest.c
configure:13827: $? = 0
configure:13827: result: yes
configure:13827: checking for bzlib.h
configure:13827: result: yes
configure:13865: $PKG_CONFIG --exists --print-errors "$libpng_pkg"
configure:13868: $? = 0
configure:13875: checking for LIBPNG
configure:13882: $PKG_CONFIG --exists --print-errors "$libpng_pkg"
configure:13885: $? = 0
configure:13899: $PKG_CONFIG --exists --print-errors "$libpng_pkg"
configure:13902: $? = 0
configure:13940: result: yes
configure:14125: $PKG_CONFIG --exists --print-errors "$brotli_pkg"
Package libbrotlidec was not found in the pkg-config search path.
Perhaps you should add the directory containing `libbrotlidec.pc'
to the PKG_CONFIG_PATH environment variable
No package 'libbrotlidec' found
configure:14128: $? = 1
configure:14135: checking for BROTLI
configure:14142: $PKG_CONFIG --exists --print-errors "$brotli_pkg"
Package libbrotlidec was not found in the pkg-config search path.
Perhaps you should add the directory containing `libbrotlidec.pc'
to the PKG_CONFIG_PATH environment variable
No package 'libbrotlidec' found
configure:14145: $? = 1
configure:14159: $PKG_CONFIG --exists --print-errors "$brotli_pkg"
Package libbrotlidec was not found in the pkg-config search path.
Perhaps you should add the directory containing `libbrotlidec.pc'
to the PKG_CONFIG_PATH environment variable
No package 'libbrotlidec' found
configure:14162: $? = 1
configure:14176: result: no
No package 'libbrotlidec' found
configure:14239: checking for library containing clock_gettime
configure:14270: gcc -o conftest -g -O2 -fvisibility=hidden   conftest.c  >&5
configure:14270: $? = 0
configure:14287: result: none required
configure:14886: checking for python3
configure:14902: found /usr/local/bin/python3
configure:14913: result: python3
configure:14934: checking for python version
configure:14939: result: 3.9.1
configure:14999: checking for `docwriter' Python module
configure:15004: result: yes
configure:15256: creating ./config.status

## ---------------------- ##
## Running config.status. ##
## ---------------------- ##

This file was extended by FreeType config.status 2.10.4, which was
generated by GNU Autoconf 2.69.  Invocation command line was

  CONFIG_FILES    = 
  CONFIG_HEADERS  = 
  CONFIG_LINKS    = 
  CONFIG_COMMANDS = 
  $ ./config.status 

on MacBook-Pro.local

config.status:1140: creating ftoption.h
config.status:1140: creating unix-cc.mk
config.status:1140: creating unix-def.mk
config.status:1140: creating ftconfig.h
config.status:1335: executing libtool commands
configure:17502:

Library configuration:
  external zlib: yes (pkg-config)
  bzip2:         yes (autoconf test)
  libpng:        yes (pkg-config)
  harfbuzz:      no
  brotli:        no


## ---------------- ##
## Cache variables. ##
## ---------------- ##

ac_cv_build=x86_64-apple-darwin19.6.0
ac_cv_c_compiler_gnu=yes
ac_cv_c_const=yes
ac_cv_env_BROTLI_CFLAGS_set=
ac_cv_env_BROTLI_CFLAGS_value=
ac_cv_env_BROTLI_LIBS_set=
ac_cv_env_BROTLI_LIBS_value=
ac_cv_env_BZIP2_CFLAGS_set=
ac_cv_env_BZIP2_CFLAGS_value=
ac_cv_env_BZIP2_LIBS_set=
ac_cv_env_BZIP2_LIBS_value=
ac_cv_env_CC_set=
ac_cv_env_CC_value=
ac_cv_env_CFLAGS_set=
ac_cv_env_CFLAGS_value=
ac_cv_env_CPPFLAGS_set=
ac_cv_env_CPPFLAGS_value=
ac_cv_env_CPP_set=
ac_cv_env_CPP_value=
ac_cv_env_HARFBUZZ_CFLAGS_set=
ac_cv_env_HARFBUZZ_CFLAGS_value=
ac_cv_env_HARFBUZZ_LIBS_set=
ac_cv_env_HARFBUZZ_LIBS_value=
ac_cv_env_LDFLAGS_set=
ac_cv_env_LDFLAGS_value=
ac_cv_env_LIBPNG_CFLAGS_set=
ac_cv_env_LIBPNG_CFLAGS_value=
ac_cv_env_LIBPNG_LIBS_set=
ac_cv_env_LIBPNG_LIBS_value=
ac_cv_env_LIBS_set=
ac_cv_env_LIBS_value=
ac_cv_env_LT_SYS_LIBRARY_PATH_set=
ac_cv_env_LT_SYS_LIBRARY_PATH_value=
ac_cv_env_PKG_CONFIG_LIBDIR_set=
ac_cv_env_PKG_CONFIG_LIBDIR_value=
ac_cv_env_PKG_CONFIG_PATH_set=
ac_cv_env_PKG_CONFIG_PATH_value=
ac_cv_env_PKG_CONFIG_set=
ac_cv_env_PKG_CONFIG_value=
ac_cv_env_ZLIB_CFLAGS_set=
ac_cv_env_ZLIB_CFLAGS_value=
ac_cv_env_ZLIB_LIBS_set=
ac_cv_env_ZLIB_LIBS_value=
ac_cv_env_build_alias_set=
ac_cv_env_build_alias_value=
ac_cv_env_host_alias_set=
ac_cv_env_host_alias_value=
ac_cv_env_target_alias_set=
ac_cv_env_target_alias_value=
ac_cv_func_getpagesize=yes
ac_cv_func_memcpy=yes
ac_cv_func_memmove=yes
ac_cv_func_mmap_fixed_mapped=yes
ac_cv_have_decl_munmap=yes
ac_cv_header_bzlib_h=yes
ac_cv_header_dlfcn_h=yes
ac_cv_header_fcntl_h=yes
ac_cv_header_inttypes_h=yes
ac_cv_header_memory_h=yes
ac_cv_header_stdc=yes
ac_cv_header_stdint_h=yes
ac_cv_header_stdlib_h=yes
ac_cv_header_string_h=yes
ac_cv_header_strings_h=yes
ac_cv_header_sys_param_h=yes
ac_cv_header_sys_stat_h=yes
ac_cv_header_sys_types_h=yes
ac_cv_header_unistd_h=yes
ac_cv_header_windows_h=no
ac_cv_host=x86_64-apple-darwin19.6.0
ac_cv_lib_bz2_BZ2_bzDecompress=yes
ac_cv_objext=o
ac_cv_path_EGREP='/usr/bin/grep -E'
ac_cv_path_FGREP='/usr/bin/grep -F'
ac_cv_path_GREP=/usr/bin/grep
ac_cv_path_SED=/usr/bin/sed
ac_cv_path_ac_pt_PKG_CONFIG=/usr/local/bin/pkg-config
ac_cv_path_install='/usr/bin/install -c'
ac_cv_path_lt_DD=/bin/dd
ac_cv_prog_AWK=awk
ac_cv_prog_CPP='gcc -E'
ac_cv_prog_PYTHON=python3
ac_cv_prog_ac_ct_AR=ar
ac_cv_prog_ac_ct_CC=gcc
ac_cv_prog_ac_ct_DSYMUTIL=dsymutil
ac_cv_prog_ac_ct_LIPO=lipo
ac_cv_prog_ac_ct_NMEDIT=nmedit
ac_cv_prog_ac_ct_OBJDUMP=objdump
ac_cv_prog_ac_ct_OTOOL=otool
ac_cv_prog_ac_ct_RANLIB=ranlib
ac_cv_prog_ac_ct_STRIP=strip
ac_cv_prog_cc_c89=
ac_cv_prog_cc_g=yes
ac_cv_search_clock_gettime='none required'
ac_cv_sizeof_int=4
ac_cv_sizeof_long=8
ac_cv_sys_file_offset_bits=no
ac_cv_sys_largefile_CC=no
ac_cv_type_long_long_int=yes
ac_cv_type_unsigned_long_long_int=yes
lt_cv_apple_cc_single_mod=yes
lt_cv_ar_at_file=no
lt_cv_deplibs_check_method=pass_all
lt_cv_file_magic_cmd='$MAGIC_CMD'
lt_cv_file_magic_test_file=
lt_cv_ld_exported_symbols_list=yes
lt_cv_ld_force_load=yes
lt_cv_ld_reload_flag=-r
lt_cv_nm_interface='BSD nm'
lt_cv_objdir=.libs
lt_cv_path_LD=/Applications/Xcode.app/Contents/Developer/Toolchains/XcodeDefault.xctoolchain/usr/bin/ld
lt_cv_path_NM='/usr/bin/nm -B'
lt_cv_path_mainfest_tool=no
lt_cv_prog_compiler_c_o=yes
lt_cv_prog_compiler_pic='-fno-common -DPIC'
lt_cv_prog_compiler_pic_works=yes
lt_cv_prog_compiler_rtti_exceptions=yes
lt_cv_prog_compiler_static_works=no
lt_cv_prog_gnu_ld=no
lt_cv_sharedlib_from_linklib_cmd='printf %s\n'
lt_cv_sys_global_symbol_pipe='sed -n -e '\''s/^.*[	 ]\([BCDEGRST][BCDEGRST]*\)[	 ][	 ]*_\([_A-Za-z][_A-Za-z0-9]*\)$/\1 _\2 \2/p'\'' | sed '\''/ __gnu_lto/d'\'''
lt_cv_sys_global_symbol_to_c_name_address='sed -n -e '\''s/^: \(.*\) .*$/  {"\1", (void *) 0},/p'\'' -e '\''s/^[BCDEGRST][BCDEGRST]* .* \(.*\)$/  {"\1", (void *) \&\1},/p'\'''
lt_cv_sys_global_symbol_to_c_name_address_lib_prefix='sed -n -e '\''s/^: \(.*\) .*$/  {"\1", (void *) 0},/p'\'' -e '\''s/^[BCDEGRST][BCDEGRST]* .* \(lib.*\)$/  {"\1", (void *) \&\1},/p'\'' -e '\''s/^[BCDEGRST][BCDEGRST]* .* \(.*\)$/  {"lib\1", (void *) \&\1},/p'\'''
lt_cv_sys_global_symbol_to_cdecl='sed -n -e '\''s/^T .* \(.*\)$/extern int \1();/p'\'' -e '\''s/^[BCDEGRST][BCDEGRST]* .* \(.*\)$/extern char \1;/p'\'''
lt_cv_sys_global_symbol_to_import=
lt_cv_sys_max_cmd_len=196608
lt_cv_to_host_file_cmd=func_convert_file_noop
lt_cv_to_tool_file_cmd=func_convert_file_noop
lt_cv_truncate_bin='/bin/dd bs=4096 count=1'
pkg_cv_LIBPNG_CFLAGS=-I/usr/local/Cellar/libpng/1.6.37/include/libpng16
pkg_cv_LIBPNG_LIBS='-L/usr/local/Cellar/libpng/1.6.37/lib -lpng16 -lz'
pkg_cv_ZLIB_CFLAGS=
pkg_cv_ZLIB_LIBS=-lz

## ----------------- ##
## Output variables. ##
## ----------------- ##

AR='ar'
AS='as'
AWK='awk'
BROTLI_CFLAGS=''
BROTLI_LIBS=''
BZIP2_CFLAGS=''
BZIP2_LIBS='-lbz2'
CC='gcc'
CC_BUILD='gcc'
CFLAGS='-g -O2 -fvisibility=hidden -DDARWIN_NO_CARBON   -I/usr/local/Cellar/libpng/1.6.37/include/libpng16'
CPP='gcc -E'
CPPFLAGS=''
DEFS='-DHAVE_CONFIG_H'
DLLTOOL='false'
DSYMUTIL='dsymutil'
DUMPBIN=''
ECHO_C='\c'
ECHO_N=''
ECHO_T=''
EGREP='/usr/bin/grep -E'
EXEEXT=''
EXEEXT_BUILD=''
FGREP='/usr/bin/grep -F'
FTSYS_SRC='$(BUILD_DIR)/ftsystem.c'
GREP='/usr/bin/grep'
HARFBUZZ_CFLAGS=''
HARFBUZZ_LIBS=''
INSTALL_DATA='${INSTALL} -m 644'
INSTALL_FT2_CONFIG='FALSE'
INSTALL_PROGRAM='${INSTALL}'
INSTALL_SCRIPT='${INSTALL}'
LD='/Applications/Xcode.app/Contents/Developer/Toolchains/XcodeDefault.xctoolchain/usr/bin/ld'
LDFLAGS=' -lz -lbz2 -L/usr/local/Cellar/libpng/1.6.37/lib -lpng16 -lz'
LIBOBJS=''
LIBPNG_CFLAGS='-I/usr/local/Cellar/libpng/1.6.37/include/libpng16'
LIBPNG_LIBS='-L/usr/local/Cellar/libpng/1.6.37/lib -lpng16 -lz'
LIBS=''
LIBSSTATIC_CONFIG='-lfreetype -lz -lbz2 -L/usr/local/Cellar/libpng/1.6.37/lib -lpng16 -lz'
LIBS_PRIVATE='-lbz2'
LIBTOOL='$(SHELL) $(top_builddir)/libtool'
LIB_CLOCK_GETTIME=''
LIPO='lipo'
LN_S='ln -s'
LTLIBOBJS=''
LT_SYS_LIBRARY_PATH=''
MANIFEST_TOOL=':'
MKDIR_P='/Users/mars/develop/MTEngineSDL/other/lib/freetype-2.10.4/builds/unix/./install-sh -c -d'
NM='/usr/bin/nm -B'
NMEDIT='nmedit'
OBJDUMP='objdump'
OBJEXT='o'
OTOOL64=':'
OTOOL='otool'
PACKAGE_BUGREPORT='freetype@nongnu.org'
PACKAGE_NAME='FreeType'
PACKAGE_STRING='FreeType 2.10.4'
PACKAGE_TARNAME='freetype'
PACKAGE_URL=''
PACKAGE_VERSION='2.10.4'
PATH_SEPARATOR=':'
PKG_CONFIG='/usr/local/bin/pkg-config'
PKG_CONFIG_LIBDIR=''
PKG_CONFIG_PATH=''
PYTHON='python3'
PYTHON_VERSION='3.9.1'
RANLIB='ranlib'
RC=''
REQUIRES_PRIVATE='zlib, libpng'
SED='/usr/bin/sed'
SHELL='/bin/sh'
STRIP='strip'
XX_ANSIFLAGS=' -pedantic -ansi'
XX_CFLAGS='-Wall'
ZLIB_CFLAGS=''
ZLIB_LIBS='-lz'
ac_ct_AR='ar'
ac_ct_CC='gcc'
ac_ct_DUMPBIN=''
bindir='${exec_prefix}/bin'
build='x86_64-apple-darwin19.6.0'
build_alias=''
build_cpu='x86_64'
build_libtool_libs=''
build_os='darwin19.6.0'
build_vendor='apple'
datadir='${datarootdir}'
datarootdir='${prefix}/share'
docdir='${datarootdir}/doc/${PACKAGE_TARNAME}'
dvidir='${docdir}'
exec_prefix='${prefix}'
ft_version='23.4.17'
ftmac_c=''
hardcode_libdir_flag_spec=''
host='x86_64-apple-darwin19.6.0'
host_alias=''
host_cpu='x86_64'
host_os='darwin19.6.0'
host_vendor='apple'
htmldir='${docdir}'
includedir='${prefix}/include'
infodir='${datarootdir}/info'
libdir='${exec_prefix}/lib'
libexecdir='${exec_prefix}/libexec'
localedir='${datarootdir}/locale'
localstatedir='${prefix}/var'
mandir='${datarootdir}/man'
oldincludedir='/usr/include'
pdfdir='${docdir}'
prefix='/usr/local'
program_transform_name='s,x,x,'
psdir='${docdir}'
sbindir='${exec_prefix}/sbin'
sharedstatedir='${prefix}/com'
sysconfdir='${prefix}/etc'
target_alias=''
version_info='23:4:17'
wl='-Wl,'

## ----------- ##
## confdefs.h. ##
## ----------- ##

/* confdefs.h */
#define PACKAGE_NAME "FreeType"
#define PACKAGE_TARNAME "freetype"
#define PACKAGE_VERSION "2.10.4"
#define PACKAGE_STRING "FreeType 2.10.4"
#define PACKAGE_BUGREPORT "freetype@nongnu.org"
#define PACKAGE_URL ""
#define STDC_HEADERS 1
#define HAVE_SYS_TYPES_H 1
#define HAVE_SYS_STAT_H 1
#define HAVE_STDLIB_H 1
#define HAVE_STRING_H 1
#define HAVE_MEMORY_H 1
#define HAVE_STRINGS_H 1
#define HAVE_INTTYPES_H 1
#define HAVE_STDINT_H 1
#define HAVE_UNISTD_H 1
#define HAVE_DLFCN_H 1
#define LT_OBJDIR ".libs/"
#define STDC_HEADERS 1
#define HAVE_FCNTL_H 1
#define HAVE_UNISTD_H 1
#define SIZEOF_INT 4
#define SIZEOF_LONG 8
#define HAVE_UNSIGNED_LONG_LONG_INT 1
#define HAVE_LONG_LONG_INT 1
#define HAVE_STDLIB_H 1
#define HAVE_UNISTD_H 1
#define HAVE_SYS_PARAM_H 1
#define HAVE_GETPAGESIZE 1
#define HAVE_MMAP 1
#define HAVE_DECL_MUNMAP 1
#define MUNMAP_USES_VOIDP /**/
#define HAVE_MEMCPY 1
#define HAVE_MEMMOVE 1

configure: exit 0
